perl: warning: Setting locale failed.
perl: warning: Please check that your locale settings:
	LANGUAGE = (unset),
	LC_ALL = (unset),
	LANG = "en_US.UTF-8"
    are supported and installed on your system.
perl: warning: Falling back to the standard locale ("C").
locale: Cannot set LC_CTYPE to default locale: No such file or directory
locale: Cannot set LC_MESSAGES to default locale: No such file or directory
locale: Cannot set LC_ALL to default locale: No such file or directory
perl: warning: Setting locale failed.
perl: warning: Please check that your locale settings:
	LANGUAGE = (unset),
	LC_ALL = (unset),
	LANG = "en_US.UTF-8"
    are supported and installed on your system.
perl: warning: Falling back to the standard locale ("C").
locale: Cannot set LC_CTYPE to default locale: No such file or directory
locale: Cannot set LC_MESSAGES to default locale: No such file or directory
locale: Cannot set LC_ALL to default locale: No such file or directory
perl: warning: Setting locale failed.
perl: warning: Please check that your locale settings:
	LANGUAGE = (unset),
	LC_ALL = (unset),
	LANG = "en_US.UTF-8"
    are supported and installed on your system.
perl: warning: Falling back to the standard locale ("C").
locale: Cannot set LC_CTYPE to default locale: No such file or directory
locale: Cannot set LC_MESSAGES to default locale: No such file or directory
locale: Cannot set LC_ALL to default locale: No such file or directory
perl: warning: Setting locale failed.
perl: warning: Please check that your locale settings:
	LANGUAGE = (unset),
	LC_ALL = (unset),
	LANG = "en_US.UTF-8"
    are supported and installed on your system.
perl: warning: Falling back to the standard locale ("C").
locale: Cannot set LC_CTYPE to default locale: No such file or directory
locale: Cannot set LC_MESSAGES to default locale: No such file or directory
locale: Cannot set LC_ALL to default locale: No such file or directory
Deferring configuration of apt-listchanges until /usr/bin/python3
and python's debconf module are available
hwclock.sh.service is not a native service, redirecting to systemd-sysv-install.
Executing: /lib/systemd/systemd-sysv-install disable hwclock.sh
Synchronizing state of nfs-common.service with SysV service script with /lib/systemd/systemd-sysv-install.
Executing: /lib/systemd/systemd-sysv-install disable nfs-common
Unit /lib/systemd/system/nfs-common.service is masked, ignoring.
Synchronizing state of rpcbind.service with SysV service script with /lib/systemd/systemd-sysv-install.
Executing: /lib/systemd/systemd-sysv-install disable rpcbind
Removed "/etc/systemd/system/sockets.target.wants/rpcbind.socket".
Removed "/etc/systemd/system/multi-user.target.wants/rpcbind.service".
Synchronizing state of ssh.service with SysV service script with /lib/systemd/systemd-sysv-install.
Executing: /lib/systemd/systemd-sysv-install enable ssh
Created symlink /etc/systemd/system/multi-user.target.wants/regenerate_ssh_host_keys.service → /lib/systemd/system/regenerate_ssh_host_keys.service.
resize2fs_once.service is not a native service, redirecting to systemd-sysv-install.
Executing: /lib/systemd/systemd-sysv-install enable resize2fs_once
adduser: The user `gnssbs' is already a member of `users'.
Configuring /dev/tty1 /dev/tty2 /dev/tty3 /dev/tty4 /dev/tty5 /dev/tty6 
The charmap is UTF-8 
The ACM is -ccharmap ISO-8859-15 
BackSpace is ^? 
WARNING: Unknown X keysym "dead_greek"
WARNING: Unknown X keysym "dead_greek"
WARNING: Unknown X keysym "dead_greek"
WARNING: Unknown X keysym "dead_greek"
Created symlink /etc/systemd/system/multi-user.target.wants/wifi-setup.service → /etc/systemd/system/wifi-setup.service.
Created symlink /etc/systemd/system/multi-user.target.wants/wifi-nmsetup.service → /etc/systemd/system/wifi-nmsetup.service.

Current default time zone: 'Europe/Helsinki'
Local time is now:      Sat May 17 00:26:20 EEST 2025.
Universal Time is now:  Fri May 16 21:26:20 UTC 2025.

--2025-05-17 00:26:28--  https://raw.githubusercontent.com/Stefal/rtkbase/master/tools/install.sh
Resolving raw.githubusercontent.com (raw.githubusercontent.com)... 185.199.111.133, 185.199.108.133, 185.199.109.133, ...
Connecting to raw.githubusercontent.com (raw.githubusercontent.com)|185.199.111.133|:443... connected.
HTTP request sent, awaiting response... 200 OK
Length: 43455 (42K) [text/plain]
Saving to: ‘install.sh’

     0K .......... .......... .......... .......... ..        100% 4.10M=0.01s

2025-05-17 00:26:29 (4.10 MB/s) - ‘install.sh’ saved [43455/43455]

../../../../src/rinex.c: In function ‘decode_obsh’:
../../../../src/rinex.c:363:17: warning: unused variable ‘defcodes’ [-Wunused-variable]
  363 |     const char *defcodes[]={
      |                 ^~~~~~~~
../../../../src/rinex.c:362:16: warning: unused variable ‘frqcodes’ [-Wunused-variable]
  362 |     const char frqcodes[]="1256789";
      |                ^~~~~~~~
../convbin.c: In function ‘setmask’:
../convbin.c:319:11: warning: unused variable ‘code’ [-Wunused-variable]
  319 |     int i,code;
      |           ^~~~
../../../../src/rinex.c: In function ‘decode_obsh’:
../../../../src/rinex.c:363:17: warning: unused variable ‘defcodes’ [-Wunused-variable]
  363 |     const char *defcodes[]={
      |                 ^~~~~~~~
../../../../src/rinex.c:362:16: warning: unused variable ‘frqcodes’ [-Wunused-variable]
  362 |     const char frqcodes[]="1256789";
      |                ^~~~~~~~
--2025-05-17 00:46:32--  https://github.com/stefal/rtkbase/releases/latest/download/rtkbase.tar.gz
Resolving github.com (github.com)... 140.82.121.4
Connecting to github.com (github.com)|140.82.121.4|:443... connected.
HTTP request sent, awaiting response... 302 Found
Location: https://github.com/stefal/rtkbase/releases/download/v2.6.3/rtkbase.tar.gz [following]
--2025-05-17 00:46:33--  https://github.com/stefal/rtkbase/releases/download/v2.6.3/rtkbase.tar.gz
Reusing existing connection to github.com:443.
HTTP request sent, awaiting response... 302 Found
Location: https://objects.githubusercontent.com/github-production-release-asset-2e65be/173486738/f3259c5e-a772-4bd8-a83b-b999f0d8908e?X-Amz-Algorithm=AWS4-HMAC-SHA256&X-Amz-Credential=releaseassetproduction%2F20250516%2Fus-east-1%2Fs3%2Faws4_request&X-Amz-Date=20250516T214633Z&X-Amz-Expires=300&X-Amz-Signature=322963c6d1253c74996e9ab9c7153ac1291a2ccab6108e6e9a56591bbd625617&X-Amz-SignedHeaders=host&response-content-disposition=attachment%3B%20filename%3Drtkbase.tar.gz&response-content-type=application%2Foctet-stream [following]
--2025-05-17 00:46:33--  https://objects.githubusercontent.com/github-production-release-asset-2e65be/173486738/f3259c5e-a772-4bd8-a83b-b999f0d8908e?X-Amz-Algorithm=AWS4-HMAC-SHA256&X-Amz-Credential=releaseassetproduction%2F20250516%2Fus-east-1%2Fs3%2Faws4_request&X-Amz-Date=20250516T214633Z&X-Amz-Expires=300&X-Amz-Signature=322963c6d1253c74996e9ab9c7153ac1291a2ccab6108e6e9a56591bbd625617&X-Amz-SignedHeaders=host&response-content-disposition=attachment%3B%20filename%3Drtkbase.tar.gz&response-content-type=application%2Foctet-stream
Resolving objects.githubusercontent.com (objects.githubusercontent.com)... 185.199.110.133, 185.199.111.133, 185.199.108.133, ...
Connecting to objects.githubusercontent.com (objects.githubusercontent.com)|185.199.110.133|:443... connected.
HTTP request sent, awaiting response... 200 OK
Length: 24043863 (23M) [application/octet-stream]
Saving to: ‘rtkbase.tar.gz’

     0K .......... .......... .......... .......... ..........  0% 2.65M 9s
    50K .......... .......... .......... .......... ..........  0% 2.68M 9s
   100K .......... .......... .......... .......... ..........  0% 4.30M 7s
   150K .......... .......... .......... .......... ..........  0% 4.63M 7s
   200K .......... .......... .......... .......... ..........  1% 4.71M 6s
   250K .......... .......... .......... .......... ..........  1% 4.72M 6s
   300K .......... .......... .......... .......... ..........  1% 4.71M 6s
   350K .......... .......... .......... .......... ..........  1% 3.61M 6s
   400K .......... .......... .......... .......... ..........  1% 4.62M 6s
   450K .......... .......... .......... .......... ..........  2% 4.97M 6s
   500K .......... .......... .......... .......... ..........  2% 4.74M 6s
   550K .......... .......... .......... .......... ..........  2% 4.87M 5s
   600K .......... .......... .......... .......... ..........  2% 4.87M 5s
   650K .......... .......... .......... .......... ..........  2% 4.86M 5s
   700K .......... .......... .......... .......... ..........  3% 3.70M 5s
   750K .......... .......... .......... .......... ..........  3% 4.83M 5s
   800K .......... .......... .......... .......... ..........  3% 4.86M 5s
   850K .......... .......... .......... .......... ..........  3% 4.89M 5s
   900K .......... .......... .......... .......... ..........  4% 4.77M 5s
   950K .......... .......... .......... .......... ..........  4% 4.87M 5s
  1000K .......... .......... .......... .......... ..........  4% 4.74M 5s
  1050K .......... .......... .......... .......... ..........  4% 4.87M 5s
  1100K .......... .......... .......... .......... ..........  4% 3.70M 5s
  1150K .......... .......... .......... .......... ..........  5% 4.88M 5s
  1200K .......... .......... .......... .......... ..........  5% 4.87M 5s
  1250K .......... .......... .......... .......... ..........  5% 4.86M 5s
  1300K .......... .......... .......... .......... ..........  5% 4.78M 5s
  1350K .......... .......... .......... .......... ..........  5% 4.86M 5s
  1400K .......... .......... .......... .......... ..........  6% 4.88M 5s
  1450K .......... .......... .......... .......... ..........  6% 4.86M 5s
  1500K .......... .......... .......... .......... ..........  6% 3.71M 5s
  1550K .......... .......... .......... .......... ..........  6% 4.86M 5s
  1600K .......... .......... .......... .......... ..........  7% 4.86M 5s
  1650K .......... .......... .......... .......... ..........  7% 4.87M 5s
  1700K .......... .......... .......... .......... ..........  7% 4.79M 5s
  1750K .......... .......... .......... .......... ..........  7% 4.83M 5s
  1800K .......... .......... .......... .......... ..........  7% 4.88M 5s
  1850K .......... .......... .......... .......... ..........  8% 4.87M 5s
  1900K .......... .......... .......... .......... ..........  8% 3.71M 5s
  1950K .......... .......... .......... .......... ..........  8% 4.88M 5s
  2000K .......... .......... .......... .......... ..........  8% 4.88M 5s
  2050K .......... .......... .......... .......... ..........  8% 4.84M 5s
  2100K .......... .......... .......... .......... ..........  9% 4.79M 5s
  2150K .......... .......... .......... .......... ..........  9% 4.85M 5s
  2200K .......... .......... .......... .......... ..........  9% 4.83M 5s
  2250K .......... .......... .......... .......... ..........  9% 5.80M 5s
  2300K .......... .......... .......... .......... .......... 10% 5.44M 5s
  2350K .......... .......... .......... .......... .......... 10% 7.32M 5s
  2400K .......... .......... .......... .......... .......... 10% 7.29M 4s
  2450K .......... .......... .......... .......... .......... 10% 7.25M 4s
  2500K .......... .......... .......... .......... .......... 10% 7.20M 4s
  2550K .......... .......... .......... .......... .......... 11% 7.35M 4s
  2600K .......... .......... .......... .......... .......... 11% 7.34M 4s
  2650K .......... .......... .......... .......... .......... 11% 7.31M 4s
  2700K .......... .......... .......... .......... .......... 11% 5.60M 4s
  2750K .......... .......... .......... .......... .......... 11% 7.33M 4s
  2800K .......... .......... .......... .......... .......... 12% 7.30M 4s
  2850K .......... .......... .......... .......... .......... 12% 7.35M 4s
  2900K .......... .......... .......... .......... .......... 12% 7.17M 4s
  2950K .......... .......... .......... .......... .......... 12% 7.33M 4s
  3000K .......... .......... .......... .......... .......... 12% 7.34M 4s
  3050K .......... .......... .......... .......... .......... 13% 7.23M 4s
  3100K .......... .......... .......... .......... .......... 13% 5.56M 4s
  3150K .......... .......... .......... .......... .......... 13% 7.29M 4s
  3200K .......... .......... .......... .......... .......... 13% 7.34M 4s
  3250K .......... .......... .......... .......... .......... 14% 7.37M 4s
  3300K .......... .......... .......... .......... .......... 14% 7.20M 4s
  3350K .......... .......... .......... .......... .......... 14% 7.33M 4s
  3400K .......... .......... .......... .......... .......... 14% 7.32M 4s
  3450K .......... .......... .......... .......... .......... 14% 7.33M 4s
  3500K .......... .......... .......... .......... .......... 15% 5.55M 4s
  3550K .......... .......... .......... .......... .......... 15% 7.34M 4s
  3600K .......... .......... .......... .......... .......... 15% 7.28M 4s
  3650K .......... .......... .......... .......... .......... 15% 7.24M 4s
  3700K .......... .......... .......... .......... .......... 15% 7.20M 4s
  3750K .......... .......... .......... .......... .......... 16% 7.34M 4s
  3800K .......... .......... .......... .......... .......... 16% 7.29M 4s
  3850K .......... .......... .......... .......... .......... 16% 7.29M 4s
  3900K .......... .......... .......... .......... .......... 16% 5.57M 4s
  3950K .......... .......... .......... .......... .......... 17% 7.27M 4s
  4000K .......... .......... .......... .......... .......... 17% 7.35M 4s
  4050K .......... .......... .......... .......... .......... 17% 7.31M 4s
  4100K .......... .......... .......... .......... .......... 17% 7.17M 4s
  4150K .......... .......... .......... .......... .......... 17% 7.32M 3s
  4200K .......... .......... .......... .......... .......... 18% 7.34M 3s
  4250K .......... .......... .......... .......... .......... 18% 7.29M 3s
  4300K .......... .......... .......... .......... .......... 18% 5.57M 3s
  4350K .......... .......... .......... .......... .......... 18% 7.26M 3s
  4400K .......... .......... .......... .......... .......... 18% 7.38M 3s
  4450K .......... .......... .......... .......... .......... 19% 7.22M 3s
  4500K .......... .......... .......... .......... .......... 19% 7.16M 3s
  4550K .......... .......... .......... .......... .......... 19% 7.29M 3s
  4600K .......... .......... .......... .......... .......... 19% 7.37M 3s
  4650K .......... .......... .......... .......... .......... 20% 7.32M 3s
  4700K .......... .......... .......... .......... .......... 20% 5.58M 3s
  4750K .......... .......... .......... .......... .......... 20% 7.39M 3s
  4800K .......... .......... .......... .......... .......... 20% 7.32M 3s
  4850K .......... .......... .......... .......... .......... 20% 7.32M 3s
  4900K .......... .......... .......... .......... .......... 21% 7.23M 3s
  4950K .......... .......... .......... .......... .......... 21% 7.33M 3s
  5000K .......... .......... .......... .......... .......... 21% 7.29M 3s
  5050K .......... .......... .......... .......... .......... 21% 7.11M 3s
  5100K .......... .......... .......... .......... .......... 21% 5.58M 3s
  5150K .......... .......... .......... .......... .......... 22% 7.32M 3s
  5200K .......... .......... .......... .......... .......... 22% 7.33M 3s
  5250K .......... .......... .......... .......... .......... 22% 7.34M 3s
  5300K .......... .......... .......... .......... .......... 22% 7.19M 3s
  5350K .......... .......... .......... .......... .......... 22% 7.29M 3s
  5400K .......... .......... .......... .......... .......... 23% 7.36M 3s
  5450K .......... .......... .......... .......... .......... 23% 7.31M 3s
  5500K .......... .......... .......... .......... .......... 23% 5.58M 3s
  5550K .......... .......... .......... .......... .......... 23% 7.35M 3s
  5600K .......... .......... .......... .......... .......... 24% 7.35M 3s
  5650K .......... .......... .......... .......... .......... 24% 7.33M 3s
  5700K .......... .......... .......... .......... .......... 24% 7.18M 3s
  5750K .......... .......... .......... .......... .......... 24% 7.36M 3s
  5800K .......... .......... .......... .......... .......... 24% 6.48M 3s
  5850K .......... .......... .......... .......... .......... 25% 9.65M 3s
  5900K .......... .......... .......... .......... .......... 25% 7.31M 3s
  5950K .......... .......... .......... .......... .......... 25% 9.78M 3s
  6000K .......... .......... .......... .......... .......... 25% 9.72M 3s
  6050K .......... .......... .......... .......... .......... 25% 9.79M 3s
  6100K .......... .......... .......... .......... .......... 26% 9.60M 3s
  6150K .......... .......... .......... .......... .......... 26% 9.82M 3s
  6200K .......... .......... .......... .......... .......... 26% 9.79M 3s
  6250K .......... .......... .......... .......... .......... 26% 9.81M 3s
  6300K .......... .......... .......... .......... .......... 27% 7.45M 3s
  6350K .......... .......... .......... .......... .......... 27% 9.83M 3s
  6400K .......... .......... .......... .......... .......... 27% 9.77M 3s
  6450K .......... .......... .......... .......... .......... 27% 9.82M 3s
  6500K .......... .......... .......... .......... .......... 27% 9.68M 3s
  6550K .......... .......... .......... .......... .......... 28% 9.83M 3s
  6600K .......... .......... .......... .......... .......... 28% 9.83M 3s
  6650K .......... .......... .......... .......... .......... 28% 9.81M 3s
  6700K .......... .......... .......... .......... .......... 28% 7.48M 3s
  6750K .......... .......... .......... .......... .......... 28% 8.37M 3s
  6800K .......... .......... .......... .......... .......... 29% 9.80M 3s
  6850K .......... .......... .......... .......... .......... 29% 9.77M 3s
  6900K .......... .......... .......... .......... .......... 29% 9.64M 3s
  6950K .......... .......... .......... .......... .......... 29% 9.78M 3s
  7000K .......... .......... .......... .......... .......... 30% 9.81M 3s
  7050K .......... .......... .......... .......... .......... 30% 9.83M 3s
  7100K .......... .......... .......... .......... .......... 30% 7.47M 3s
  7150K .......... .......... .......... .......... .......... 30% 9.82M 3s
  7200K .......... .......... .......... .......... .......... 30% 9.84M 3s
  7250K .......... .......... .......... .......... .......... 31% 9.83M 3s
  7300K .......... .......... .......... .......... .......... 31% 9.68M 3s
  7350K .......... .......... .......... .......... .......... 31% 9.80M 3s
  7400K .......... .......... .......... .......... .......... 31% 9.82M 2s
  7450K .......... .......... .......... .......... .......... 31% 9.76M 2s
  7500K .......... .......... .......... .......... .......... 32% 7.48M 2s
  7550K .......... .......... .......... .......... .......... 32% 9.81M 2s
  7600K .......... .......... .......... .......... .......... 32% 9.83M 2s
  7650K .......... .......... .......... .......... .......... 32% 9.82M 2s
  7700K .......... .......... .......... .......... .......... 33% 9.63M 2s
  7750K .......... .......... .......... .......... .......... 33% 9.79M 2s
  7800K .......... .......... .......... .......... .......... 33% 9.83M 2s
  7850K .......... .......... .......... .......... .......... 33% 9.79M 2s
  7900K .......... .......... .......... .......... .......... 33% 7.48M 2s
  7950K .......... .......... .......... .......... .......... 34% 9.79M 2s
  8000K .......... .......... .......... .......... .......... 34% 9.81M 2s
  8050K .......... .......... .......... .......... .......... 34% 9.82M 2s
  8100K .......... .......... .......... .......... .......... 34% 9.65M 2s
  8150K .......... .......... .......... .......... .......... 34% 9.82M 2s
  8200K .......... .......... .......... .......... .......... 35% 9.78M 2s
  8250K .......... .......... .......... .......... .......... 35% 9.77M 2s
  8300K .......... .......... .......... .......... .......... 35% 7.50M 2s
  8350K .......... .......... .......... .......... .......... 35% 9.86M 2s
  8400K .......... .......... .......... .......... .......... 35% 9.82M 2s
  8450K .......... .......... .......... .......... .......... 36% 9.84M 2s
  8500K .......... .......... .......... .......... .......... 36% 9.51M 2s
  8550K .......... .......... .......... .......... .......... 36% 9.82M 2s
  8600K .......... .......... .......... .......... .......... 36% 9.81M 2s
  8650K .......... .......... .......... .......... .......... 37% 9.79M 2s
  8700K .......... .......... .......... .......... .......... 37% 7.48M 2s
  8750K .......... .......... .......... .......... .......... 37% 9.81M 2s
  8800K .......... .......... .......... .......... .......... 37% 9.81M 2s
  8850K .......... .......... .......... .......... .......... 37% 9.79M 2s
  8900K .......... .......... .......... .......... .......... 38% 9.64M 2s
  8950K .......... .......... .......... .......... .......... 38% 9.86M 2s
  9000K .......... .......... .......... .......... .......... 38% 9.84M 2s
  9050K .......... .......... .......... .......... .......... 38% 9.83M 2s
  9100K .......... .......... .......... .......... .......... 38% 7.18M 2s
  9150K .......... .......... .......... .......... .......... 39% 9.81M 2s
  9200K .......... .......... .......... .......... .......... 39% 9.81M 2s
  9250K .......... .......... .......... .......... .......... 39% 9.83M 2s
  9300K .......... .......... .......... .......... .......... 39% 9.66M 2s
  9350K .......... .......... .......... .......... .......... 40% 9.79M 2s
  9400K .......... .......... .......... .......... .......... 40% 9.82M 2s
  9450K .......... .......... .......... .......... .......... 40% 9.78M 2s
  9500K .......... .......... .......... .......... .......... 40% 7.47M 2s
  9550K .......... .......... .......... .......... .......... 40% 9.86M 2s
  9600K .......... .......... .......... .......... .......... 41% 9.81M 2s
  9650K .......... .......... .......... .......... .......... 41% 9.82M 2s
  9700K .......... .......... .......... .......... .......... 41% 9.67M 2s
  9750K .......... .......... .......... .......... .......... 41% 9.75M 2s
  9800K .......... .......... .......... .......... .......... 41% 9.81M 2s
  9850K .......... .......... .......... .......... .......... 42% 9.78M 2s
  9900K .......... .......... .......... .......... .......... 42% 7.48M 2s
  9950K .......... .......... .......... .......... .......... 42% 9.78M 2s
 10000K .......... .......... .......... .......... .......... 42% 9.51M 2s
 10050K .......... .......... .......... .......... .......... 43% 9.77M 2s
 10100K .......... .......... .......... .......... .......... 43% 9.64M 2s
 10150K .......... .......... .......... .......... .......... 43% 9.83M 2s
 10200K .......... .......... .......... .......... .......... 43% 9.24M 2s
 10250K .......... .......... .......... .......... .......... 43% 9.88M 2s
 10300K .......... .......... .......... .......... .......... 44% 9.84M 2s
 10350K .......... .......... .......... .......... .......... 44% 7.49M 2s
 10400K .......... .......... .......... .......... .......... 44% 9.83M 2s
 10450K .......... .......... .......... .......... .......... 44% 9.81M 2s
 10500K .......... .......... .......... .......... .......... 44% 9.83M 2s
 10550K .......... .......... .......... .......... .......... 45% 9.56M 2s
 10600K .......... .......... .......... .......... .......... 45% 7.95M 2s
 10650K .......... .......... .......... .......... .......... 45% 9.73M 2s
 10700K .......... .......... .......... .......... .......... 45% 9.83M 2s
 10750K .......... .......... .......... .......... .......... 45% 7.47M 2s
 10800K .......... .......... .......... .......... .......... 46% 9.86M 2s
 10850K .......... .......... .......... .......... .......... 46% 9.84M 2s
 10900K .......... .......... .......... .......... .......... 46% 9.83M 2s
 10950K .......... .......... .......... .......... .......... 46% 9.61M 2s
 11000K .......... .......... .......... .......... .......... 47% 9.83M 2s
 11050K .......... .......... .......... .......... .......... 47% 9.80M 2s
 11100K .......... .......... .......... .......... .......... 47% 9.83M 2s
 11150K .......... .......... .......... .......... .......... 47% 7.47M 2s
 11200K .......... .......... .......... .......... .......... 47% 9.82M 2s
 11250K .......... .......... .......... .......... .......... 48% 9.80M 2s
 11300K .......... .......... .......... .......... .......... 48% 9.83M 2s
 11350K .......... .......... .......... .......... .......... 48% 9.65M 2s
 11400K .......... .......... .......... .......... .......... 48% 9.85M 2s
 11450K .......... .......... .......... .......... .......... 48% 9.83M 2s
 11500K .......... .......... .......... .......... .......... 49% 9.83M 2s
 11550K .......... .......... .......... .......... .......... 49% 7.45M 2s
 11600K .......... .......... .......... .......... .......... 49% 9.76M 2s
 11650K .......... .......... .......... .......... .......... 49% 9.78M 2s
 11700K .......... .......... .......... .......... .......... 50% 9.81M 2s
 11750K .......... .......... .......... .......... .......... 50% 9.66M 2s
 11800K .......... .......... .......... .......... .......... 50% 9.78M 2s
 11850K .......... .......... .......... .......... .......... 50% 9.81M 2s
 11900K .......... .......... .......... .......... .......... 50% 9.79M 2s
 11950K .......... .......... .......... .......... .......... 51% 7.50M 2s
 12000K .......... .......... .......... .......... .......... 51% 9.76M 2s
 12050K .......... .......... .......... .......... .......... 51% 9.84M 2s
 12100K .......... .......... .......... .......... .......... 51% 9.85M 2s
 12150K .......... .......... .......... .......... .......... 51% 9.64M 2s
 12200K .......... .......... .......... .......... .......... 52% 9.83M 2s
 12250K .......... .......... .......... .......... .......... 52% 9.82M 2s
 12300K .......... .......... .......... .......... .......... 52% 9.76M 2s
 12350K .......... .......... .......... .......... .......... 52% 7.46M 1s
 12400K .......... .......... .......... .......... .......... 53% 9.80M 1s
 12450K .......... .......... .......... .......... .......... 53% 9.83M 1s
 12500K .......... .......... .......... .......... .......... 53% 9.61M 1s
 12550K .......... .......... .......... .......... .......... 53% 9.40M 1s
 12600K .......... .......... .......... .......... .......... 53% 9.85M 1s
 12650K .......... .......... .......... .......... .......... 54% 9.81M 1s
 12700K .......... .......... .......... .......... .......... 54% 9.79M 1s
 12750K .......... .......... .......... .......... .......... 54% 7.47M 1s
 12800K .......... .......... .......... .......... .......... 54% 9.77M 1s
 12850K .......... .......... .......... .......... .......... 54% 9.79M 1s
 12900K .......... .......... .......... .......... .......... 55% 9.78M 1s
 12950K .......... .......... .......... .......... .......... 55% 9.59M 1s
 13000K .......... .......... .......... .......... .......... 55% 9.82M 1s
 13050K .......... .......... .......... .......... .......... 55% 9.80M 1s
 13100K .......... .......... .......... .......... .......... 56% 9.81M 1s
 13150K .......... .......... .......... .......... .......... 56% 7.48M 1s
 13200K .......... .......... .......... .......... .......... 56% 9.83M 1s
 13250K .......... .......... .......... .......... .......... 56% 9.77M 1s
 13300K .......... .......... .......... .......... .......... 56% 9.81M 1s
 13350K .......... .......... .......... .......... .......... 57% 9.63M 1s
 13400K .......... .......... .......... .......... .......... 57% 9.75M 1s
 13450K .......... .......... .......... .......... .......... 57% 9.77M 1s
 13500K .......... .......... .......... .......... .......... 57% 9.82M 1s
 13550K .......... .......... .......... .......... .......... 57% 7.46M 1s
 13600K .......... .......... .......... .......... .......... 58% 9.76M 1s
 13650K .......... .......... .......... .......... .......... 58% 9.77M 1s
 13700K .......... .......... .......... .......... .......... 58% 9.80M 1s
 13750K .......... .......... .......... .......... .......... 58% 9.60M 1s
 13800K .......... .......... .......... .......... .......... 58% 9.79M 1s
 13850K .......... .......... .......... .......... .......... 59% 9.78M 1s
 13900K .......... .......... .......... .......... .......... 59% 9.75M 1s
 13950K .......... .......... .......... .......... .......... 59% 7.43M 1s
 14000K .......... .......... .......... .......... .......... 59% 9.77M 1s
 14050K .......... .......... .......... .......... .......... 60% 9.79M 1s
 14100K .......... .......... .......... .......... .......... 60% 9.81M 1s
 14150K .......... .......... .......... .......... .......... 60% 9.65M 1s
 14200K .......... .......... .......... .......... .......... 60% 9.76M 1s
 14250K .......... .......... .......... .......... .......... 60% 9.82M 1s
 14300K .......... .......... .......... .......... .......... 61% 9.72M 1s
 14350K .......... .......... .......... .......... .......... 61% 7.47M 1s
 14400K .......... .......... .......... .......... .......... 61% 9.71M 1s
 14450K .......... .......... .......... .......... .......... 61% 9.79M 1s
 14500K .......... .......... .......... .......... .......... 61% 9.73M 1s
 14550K .......... .......... .......... .......... .......... 62% 9.60M 1s
 14600K .......... .......... .......... .......... .......... 62% 9.79M 1s
 14650K .......... .......... .......... .......... .......... 62% 9.79M 1s
 14700K .......... .......... .......... .......... .......... 62% 9.81M 1s
 14750K .......... .......... .......... .......... .......... 63% 7.45M 1s
 14800K .......... .......... .......... .......... .......... 63% 9.72M 1s
 14850K .......... .......... .......... .......... .......... 63% 9.78M 1s
 14900K .......... .......... .......... .......... .......... 63% 9.81M 1s
 14950K .......... .......... .......... .......... .......... 63% 9.62M 1s
 15000K .......... .......... .......... .......... .......... 64% 9.84M 1s
 15050K .......... .......... .......... .......... .......... 64% 9.85M 1s
 15100K .......... .......... .......... .......... .......... 64% 9.82M 1s
 15150K .......... .......... .......... .......... .......... 64% 7.46M 1s
 15200K .......... .......... .......... .......... .......... 64% 9.82M 1s
 15250K .......... .......... .......... .......... .......... 65% 9.79M 1s
 15300K .......... .......... .......... .......... .......... 65% 9.80M 1s
 15350K .......... .......... .......... .......... .......... 65% 9.55M 1s
 15400K .......... .......... .......... .......... .......... 65% 8.06M 1s
 15450K .......... .......... .......... .......... .......... 66% 10.9M 1s
 15500K .......... .......... .......... .......... .......... 66% 10.5M 1s
 15550K .......... .......... .......... .......... .......... 66% 8.34M 1s
 15600K .......... .......... .......... .......... .......... 66% 10.9M 1s
 15650K .......... .......... .......... .......... .......... 66% 11.0M 1s
 15700K .......... .......... .......... .......... .......... 67% 11.0M 1s
 15750K .......... .......... .......... .......... .......... 67% 10.6M 1s
 15800K .......... .......... .......... .......... .......... 67% 11.0M 1s
 15850K .......... .......... .......... .......... .......... 67% 11.0M 1s
 15900K .......... .......... .......... .......... .......... 67% 11.1M 1s
 15950K .......... .......... .......... .......... .......... 68% 8.30M 1s
 16000K .......... .......... .......... .......... .......... 68% 11.1M 1s
 16050K .......... .......... .......... .......... .......... 68% 11.0M 1s
 16100K .......... .......... .......... .......... .......... 68% 11.0M 1s
 16150K .......... .......... .......... .......... .......... 68% 10.9M 1s
 16200K .......... .......... .......... .......... .......... 69% 11.1M 1s
 16250K .......... .......... .......... .......... .......... 69% 11.1M 1s
 16300K .......... .......... .......... .......... .......... 69% 11.0M 1s
 16350K .......... .......... .......... .......... .......... 69% 8.41M 1s
 16400K .......... .......... .......... .......... .......... 70% 11.1M 1s
 16450K .......... .......... .......... .......... .......... 70% 11.0M 1s
 16500K .......... .......... .......... .......... .......... 70% 11.1M 1s
 16550K .......... .......... .......... .......... .......... 70% 10.9M 1s
 16600K .......... .......... .......... .......... .......... 70% 11.1M 1s
 16650K .......... .......... .......... .......... .......... 71% 11.1M 1s
 16700K .......... .......... .......... .......... .......... 71% 10.9M 1s
 16750K .......... .......... .......... .......... .......... 71% 8.45M 1s
 16800K .......... .......... .......... .......... .......... 71% 11.1M 1s
 16850K .......... .......... .......... .......... .......... 71% 11.1M 1s
 16900K .......... .......... .......... .......... .......... 72% 11.0M 1s
 16950K .......... .......... .......... .......... .......... 72% 10.9M 1s
 17000K .......... .......... .......... .......... .......... 72% 11.1M 1s
 17050K .......... .......... .......... .......... .......... 72% 11.1M 1s
 17100K .......... .......... .......... .......... .......... 73% 11.1M 1s
 17150K .......... .......... .......... .......... .......... 73% 8.05M 1s
 17200K .......... .......... .......... .......... .......... 73% 11.0M 1s
 17250K .......... .......... .......... .......... .......... 73% 11.1M 1s
 17300K .......... .......... .......... .......... .......... 73% 11.0M 1s
 17350K .......... .......... .......... .......... .......... 74% 10.9M 1s
 17400K .......... .......... .......... .......... .......... 74% 11.1M 1s
 17450K .......... .......... .......... .......... .......... 74% 11.1M 1s
 17500K .......... .......... .......... .......... .......... 74% 11.1M 1s
 17550K .......... .......... .......... .......... .......... 74% 8.44M 1s
 17600K .......... .......... .......... .......... .......... 75% 11.1M 1s
 17650K .......... .......... .......... .......... .......... 75% 11.2M 1s
 17700K .......... .......... .......... .......... .......... 75% 11.2M 1s
 17750K .......... .......... .......... .......... .......... 75% 11.0M 1s
 17800K .......... .......... .......... .......... .......... 76% 11.1M 1s
 17850K .......... .......... .......... .......... .......... 76% 11.2M 1s
 17900K .......... .......... .......... .......... .......... 76% 11.1M 1s
 17950K .......... .......... .......... .......... .......... 76% 8.52M 1s
 18000K .......... .......... .......... .......... .......... 76% 11.2M 1s
 18050K .......... .......... .......... .......... .......... 77% 11.2M 1s
 18100K .......... .......... .......... .......... .......... 77% 11.1M 1s
 18150K .......... .......... .......... .......... .......... 77% 10.9M 1s
 18200K .......... .......... .......... .......... .......... 77% 11.1M 1s
 18250K .......... .......... .......... .......... .......... 77% 11.1M 1s
 18300K .......... .......... .......... .......... .......... 78% 11.1M 1s
 18350K .......... .......... .......... .......... .......... 78% 8.44M 1s
 18400K .......... .......... .......... .......... .......... 78% 11.0M 1s
 18450K .......... .......... .......... .......... .......... 78% 11.1M 1s
 18500K .......... .......... .......... .......... .......... 79% 11.1M 1s
 18550K .......... .......... .......... .......... .......... 79% 10.9M 1s
 18600K .......... .......... .......... .......... .......... 79% 11.0M 1s
 18650K .......... .......... .......... .......... .......... 79% 11.1M 1s
 18700K .......... .......... .......... .......... .......... 79% 11.1M 1s
 18750K .......... .......... .......... .......... .......... 80% 8.46M 1s
 18800K .......... .......... .......... .......... .......... 80% 11.1M 1s
 18850K .......... .......... .......... .......... .......... 80% 11.1M 1s
 18900K .......... .......... .......... .......... .......... 80% 11.1M 1s
 18950K .......... .......... .......... .......... .......... 80% 10.9M 1s
 19000K .......... .......... .......... .......... .......... 81% 11.1M 1s
 19050K .......... .......... .......... .......... .......... 81% 11.0M 1s
 19100K .......... .......... .......... .......... .......... 81% 11.1M 1s
 19150K .......... .......... .......... .......... .......... 81% 8.45M 1s
 19200K .......... .......... .......... .......... .......... 81% 11.1M 1s
 19250K .......... .......... .......... .......... .......... 82% 11.1M 1s
 19300K .......... .......... .......... .......... .......... 82% 11.0M 1s
 19350K .......... .......... .......... .......... .......... 82% 10.9M 0s
 19400K .......... .......... .......... .......... .......... 82% 11.0M 0s
 19450K .......... .......... .......... .......... .......... 83% 11.1M 0s
 19500K .......... .......... .......... .......... .......... 83% 11.1M 0s
 19550K .......... .......... .......... .......... .......... 83% 8.47M 0s
 19600K .......... .......... .......... .......... .......... 83% 11.1M 0s
 19650K .......... .......... .......... .......... .......... 83% 11.1M 0s
 19700K .......... .......... .......... .......... .......... 84% 10.9M 0s
 19750K .......... .......... .......... .......... .......... 84% 10.9M 0s
 19800K .......... .......... .......... .......... .......... 84% 11.1M 0s
 19850K .......... .......... .......... .......... .......... 84% 11.1M 0s
 19900K .......... .......... .......... .......... .......... 84% 11.0M 0s
 19950K .......... .......... .......... .......... .......... 85% 8.44M 0s
 20000K .......... .......... .......... .......... .......... 85% 11.1M 0s
 20050K .......... .......... .......... .......... .......... 85% 11.1M 0s
 20100K .......... .......... .......... .......... .......... 85% 11.1M 0s
 20150K .......... .......... .......... .......... .......... 86% 10.9M 0s
 20200K .......... .......... .......... .......... .......... 86% 11.1M 0s
 20250K .......... .......... .......... .......... .......... 86% 10.8M 0s
 20300K .......... .......... .......... .......... .......... 86% 10.9M 0s
 20350K .......... .......... .......... .......... .......... 86% 7.89M 0s
 20400K .......... .......... .......... .......... .......... 87% 10.3M 0s
 20450K .......... .......... .......... .......... .......... 87% 9.82M 0s
 20500K .......... .......... .......... .......... .......... 87% 10.7M 0s
 20550K .......... .......... .......... .......... .......... 87% 11.0M 0s
 20600K .......... .......... .......... .......... .......... 87%  797K 0s
 20650K .......... .......... .......... .......... .......... 88% 11.4M 0s
 20700K .......... .......... .......... .......... .......... 88% 9.84M 0s
 20750K .......... .......... .......... .......... .......... 88% 12.1M 0s
 20800K .......... .......... .......... .......... .......... 88% 13.0M 0s
 20850K .......... .......... .......... .......... .......... 89% 13.3M 0s
 20900K .......... .......... .......... .......... .......... 89% 12.3M 0s
 20950K .......... .......... .......... .......... .......... 89% 13.0M 0s
 21000K .......... .......... .......... .......... .......... 89% 13.1M 0s
 21050K .......... .......... .......... .......... .......... 89% 13.0M 0s
 21100K .......... .......... .......... .......... .......... 90% 9.86M 0s
 21150K .......... .......... .......... .......... .......... 90% 13.3M 0s
 21200K .......... .......... .......... .......... .......... 90% 12.8M 0s
 21250K .......... .......... .......... .......... .......... 90% 13.0M 0s
 21300K .......... .......... .......... .......... .......... 90% 12.9M 0s
 21350K .......... .......... .......... .......... .......... 91% 13.1M 0s
 21400K .......... .......... .......... .......... .......... 91% 12.2M 0s
 21450K .......... .......... .......... .......... .......... 91% 13.0M 0s
 21500K .......... .......... .......... .......... .......... 91% 9.48M 0s
 21550K .......... .......... .......... .......... .......... 91% 12.2M 0s
 21600K .......... .......... .......... .......... .......... 92% 13.1M 0s
 21650K .......... .......... .......... .......... .......... 92% 12.8M 0s
 21700K .......... .......... .......... .......... .......... 92% 11.9M 0s
 21750K .......... .......... .......... .......... .......... 92% 12.4M 0s
 21800K .......... .......... .......... .......... .......... 93% 12.8M 0s
 21850K .......... .......... .......... .......... .......... 93% 12.7M 0s
 21900K .......... .......... .......... .......... .......... 93% 10.0M 0s
 21950K .......... .......... .......... .......... .......... 93% 12.6M 0s
 22000K .......... .......... .......... .......... .......... 93% 12.7M 0s
 22050K .......... .......... .......... .......... .......... 94% 12.8M 0s
 22100K .......... .......... .......... .......... .......... 94% 12.9M 0s
 22150K .......... .......... .......... .......... .......... 94% 12.9M 0s
 22200K .......... .......... .......... .......... .......... 94% 12.3M 0s
 22250K .......... .......... .......... .......... .......... 94% 13.1M 0s
 22300K .......... .......... .......... .......... .......... 95% 9.86M 0s
 22350K .......... .......... .......... .......... .......... 95% 13.1M 0s
 22400K .......... .......... .......... .......... .......... 95% 12.9M 0s
 22450K .......... .......... .......... .......... .......... 95% 12.0M 0s
 22500K .......... .......... .......... .......... .......... 96% 13.0M 0s
 22550K .......... .......... .......... .......... .......... 96% 13.1M 0s
 22600K .......... .......... .......... .......... .......... 96% 13.1M 0s
 22650K .......... .......... .......... .......... .......... 96% 11.7M 0s
 22700K .......... .......... .......... .......... .......... 96% 9.25M 0s
 22750K .......... .......... .......... .......... .......... 97% 11.9M 0s
 22800K .......... .......... .......... .......... .......... 97% 11.9M 0s
 22850K .......... .......... .......... .......... .......... 97% 12.1M 0s
 22900K .......... .......... .......... .......... .......... 97% 12.0M 0s
 22950K .......... .......... .......... .......... .......... 97% 12.3M 0s
 23000K .......... .......... .......... .......... .......... 98% 12.2M 0s
 23050K .......... .......... .......... .......... .......... 98% 12.2M 0s
 23100K .......... .......... .......... .......... .......... 98% 9.10M 0s
 23150K .......... .......... .......... .......... .......... 98% 12.2M 0s
 23200K .......... .......... .......... .......... .......... 99% 13.1M 0s
 23250K .......... .......... .......... .......... .......... 99% 12.5M 0s
 23300K .......... .......... .......... .......... .......... 99% 12.5M 0s
 23350K .......... .......... .......... .......... .......... 99% 13.0M 0s
 23400K .......... .......... .......... .......... .......... 99% 12.7M 0s
 23450K .......... .......... ..........                      100% 14.0M=2.8s

2025-05-17 00:46:37 (8.31 MB/s) - ‘rtkbase.tar.gz’ saved [24043863/24043863]

Running in chroot, ignoring request.
Running in chroot, ignoring request.
cat: /sys/class/thermal/thermal_zone0/temp: No such file or directory
/home/gnssbs/rtkbase/tools/opizero_temp_offset.sh: line 6: /1000: syntax error: operand expected (error token is "/1000")
WARNING: Retrying (Retry(total=4, connect=None, read=None, redirect=None, status=None)) after connection broken by 'SSLError(SSLZeroReturnError(6, 'TLS/SSL connection has been closed (EOF) (_ssl.c:992)'))': /simple/setuptools/
WARNING: Retrying (Retry(total=3, connect=None, read=None, redirect=None, status=None)) after connection broken by 'SSLError(SSLZeroReturnError(6, 'TLS/SSL connection has been closed (EOF) (_ssl.c:992)'))': /simple/setuptools/
WARNING: Retrying (Retry(total=2, connect=None, read=None, redirect=None, status=None)) after connection broken by 'SSLError(SSLZeroReturnError(6, 'TLS/SSL connection has been closed (EOF) (_ssl.c:992)'))': /simple/setuptools/
WARNING: Retrying (Retry(total=1, connect=None, read=None, redirect=None, status=None)) after connection broken by 'SSLError(SSLZeroReturnError(6, 'TLS/SSL connection has been closed (EOF) (_ssl.c:992)'))': /simple/setuptools/
WARNING: Retrying (Retry(total=0, connect=None, read=None, redirect=None, status=None)) after connection broken by 'SSLError(SSLZeroReturnError(6, 'TLS/SSL connection has been closed (EOF) (_ssl.c:992)'))': /simple/setuptools/
WARNING: Retrying (Retry(total=4, connect=None, read=None, redirect=None, status=None)) after connection broken by 'SSLError(SSLZeroReturnError(6, 'TLS/SSL connection has been closed (EOF) (_ssl.c:992)'))': /simple/cffi/
WARNING: Retrying (Retry(total=3, connect=None, read=None, redirect=None, status=None)) after connection broken by 'SSLError(SSLZeroReturnError(6, 'TLS/SSL connection has been closed (EOF) (_ssl.c:992)'))': /simple/cffi/
WARNING: Retrying (Retry(total=2, connect=None, read=None, redirect=None, status=None)) after connection broken by 'SSLError(SSLZeroReturnError(6, 'TLS/SSL connection has been closed (EOF) (_ssl.c:992)'))': /simple/cffi/
WARNING: Retrying (Retry(total=1, connect=None, read=None, redirect=None, status=None)) after connection broken by 'SSLError(SSLZeroReturnError(6, 'TLS/SSL connection has been closed (EOF) (_ssl.c:992)'))': /simple/cffi/
WARNING: Retrying (Retry(total=0, connect=None, read=None, redirect=None, status=None)) after connection broken by 'SSLError(SSLZeroReturnError(6, 'TLS/SSL connection has been closed (EOF) (_ssl.c:992)'))': /simple/cffi/
WARNING: Retrying (Retry(total=4, connect=None, read=None, redirect=None, status=None)) after connection broken by 'SSLError(SSLZeroReturnError(6, 'TLS/SSL connection has been closed (EOF) (_ssl.c:992)'))': /simple/cryptography/
WARNING: Retrying (Retry(total=4, connect=None, read=None, redirect=None, status=None)) after connection broken by 'SSLError(SSLZeroReturnError(6, 'TLS/SSL connection has been closed (EOF) (_ssl.c:992)'))': /simple/markupsafe/
WARNING: Retrying (Retry(total=3, connect=None, read=None, redirect=None, status=None)) after connection broken by 'SSLError(SSLZeroReturnError(6, 'TLS/SSL connection has been closed (EOF) (_ssl.c:992)'))': /simple/markupsafe/
WARNING: Retrying (Retry(total=2, connect=None, read=None, redirect=None, status=None)) after connection broken by 'SSLError(SSLZeroReturnError(6, 'TLS/SSL connection has been closed (EOF) (_ssl.c:992)'))': /simple/markupsafe/
WARNING: Retrying (Retry(total=1, connect=None, read=None, redirect=None, status=None)) after connection broken by 'SSLError(SSLZeroReturnError(6, 'TLS/SSL connection has been closed (EOF) (_ssl.c:992)'))': /simple/markupsafe/
WARNING: Retrying (Retry(total=0, connect=None, read=None, redirect=None, status=None)) after connection broken by 'SSLError(SSLZeroReturnError(6, 'TLS/SSL connection has been closed (EOF) (_ssl.c:992)'))': /simple/markupsafe/
WARNING: Retrying (Retry(total=4, connect=None, read=None, redirect=None, status=None)) after connection broken by 'SSLError(SSLZeroReturnError(6, 'TLS/SSL connection has been closed (EOF) (_ssl.c:992)'))': /simple/nmcli/
WARNING: Retrying (Retry(total=4, connect=None, read=None, redirect=None, status=None)) after connection broken by 'SSLError(SSLZeroReturnError(6, 'TLS/SSL connection has been closed (EOF) (_ssl.c:992)'))': /simple/ptyprocess/
WARNING: Retrying (Retry(total=4, connect=None, read=None, redirect=None, status=None)) after connection broken by 'SSLError(SSLZeroReturnError(6, 'TLS/SSL connection has been closed (EOF) (_ssl.c:992)'))': /simple/python-engineio/
WARNING: Retrying (Retry(total=3, connect=None, read=None, redirect=None, status=None)) after connection broken by 'SSLError(SSLZeroReturnError(6, 'TLS/SSL connection has been closed (EOF) (_ssl.c:992)'))': /simple/python-engineio/
WARNING: Retrying (Retry(total=2, connect=None, read=None, redirect=None, status=None)) after connection broken by 'SSLError(SSLZeroReturnError(6, 'TLS/SSL connection has been closed (EOF) (_ssl.c:992)'))': /simple/python-engineio/
WARNING: Retrying (Retry(total=1, connect=None, read=None, redirect=None, status=None)) after connection broken by 'SSLError(SSLZeroReturnError(6, 'TLS/SSL connection has been closed (EOF) (_ssl.c:992)'))': /simple/python-engineio/
WARNING: Retrying (Retry(total=0, connect=None, read=None, redirect=None, status=None)) after connection broken by 'SSLError(SSLZeroReturnError(6, 'TLS/SSL connection has been closed (EOF) (_ssl.c:992)'))': /simple/python-engineio/
WARNING: Retrying (Retry(total=4, connect=None, read=None, redirect=None, status=None)) after connection broken by 'SSLError(SSLZeroReturnError(6, 'TLS/SSL connection has been closed (EOF) (_ssl.c:992)'))': /simple/python-socketio/
WARNING: Retrying (Retry(total=3, connect=None, read=None, redirect=None, status=None)) after connection broken by 'SSLError(SSLZeroReturnError(6, 'TLS/SSL connection has been closed (EOF) (_ssl.c:992)'))': /simple/python-socketio/
WARNING: Retrying (Retry(total=2, connect=None, read=None, redirect=None, status=None)) after connection broken by 'SSLError(SSLZeroReturnError(6, 'TLS/SSL connection has been closed (EOF) (_ssl.c:992)'))': /simple/python-socketio/
WARNING: Retrying (Retry(total=1, connect=None, read=None, redirect=None, status=None)) after connection broken by 'SSLError(SSLZeroReturnError(6, 'TLS/SSL connection has been closed (EOF) (_ssl.c:992)'))': /simple/python-socketio/
WARNING: Retrying (Retry(total=0, connect=None, read=None, redirect=None, status=None)) after connection broken by 'SSLError(SSLZeroReturnError(6, 'TLS/SSL connection has been closed (EOF) (_ssl.c:992)'))': /simple/python-socketio/
WARNING: Retrying (Retry(total=4, connect=None, read=None, redirect=None, status=None)) after connection broken by 'SSLError(SSLZeroReturnError(6, 'TLS/SSL connection has been closed (EOF) (_ssl.c:992)'))': /simple/requests/
WARNING: Retrying (Retry(total=4, connect=None, read=None, redirect=None, status=None)) after connection broken by 'SSLError(SSLZeroReturnError(6, 'TLS/SSL connection has been closed (EOF) (_ssl.c:992)'))': /simple/greenlet/
WARNING: Retrying (Retry(total=3, connect=None, read=None, redirect=None, status=None)) after connection broken by 'SSLError(SSLZeroReturnError(6, 'TLS/SSL connection has been closed (EOF) (_ssl.c:992)'))': /simple/greenlet/
WARNING: Retrying (Retry(total=2, connect=None, read=None, redirect=None, status=None)) after connection broken by 'SSLError(SSLZeroReturnError(6, 'TLS/SSL connection has been closed (EOF) (_ssl.c:992)'))': /simple/greenlet/
WARNING: Retrying (Retry(total=1, connect=None, read=None, redirect=None, status=None)) after connection broken by 'SSLError(SSLZeroReturnError(6, 'TLS/SSL connection has been closed (EOF) (_ssl.c:992)'))': /simple/greenlet/
WARNING: Retrying (Retry(total=0, connect=None, read=None, redirect=None, status=None)) after connection broken by 'SSLError(SSLZeroReturnError(6, 'TLS/SSL connection has been closed (EOF) (_ssl.c:992)'))': /simple/greenlet/
WARNING: Retrying (Retry(total=4, connect=None, read=None, redirect=None, status=None)) after connection broken by 'SSLError(SSLZeroReturnError(6, 'TLS/SSL connection has been closed (EOF) (_ssl.c:992)'))': /simple/packaging/
WARNING: Retrying (Retry(total=3, connect=None, read=None, redirect=None, status=None)) after connection broken by 'SSLError(SSLZeroReturnError(6, 'TLS/SSL connection has been closed (EOF) (_ssl.c:992)'))': /simple/packaging/
WARNING: Retrying (Retry(total=2, connect=None, read=None, redirect=None, status=None)) after connection broken by 'SSLError(SSLZeroReturnError(6, 'TLS/SSL connection has been closed (EOF) (_ssl.c:992)'))': /simple/packaging/
WARNING: Retrying (Retry(total=1, connect=None, read=None, redirect=None, status=None)) after connection broken by 'SSLError(SSLZeroReturnError(6, 'TLS/SSL connection has been closed (EOF) (_ssl.c:992)'))': /simple/packaging/
WARNING: Retrying (Retry(total=0, connect=None, read=None, redirect=None, status=None)) after connection broken by 'SSLError(SSLZeroReturnError(6, 'TLS/SSL connection has been closed (EOF) (_ssl.c:992)'))': /simple/packaging/
  Running command git clone --filter=blob:none --quiet https://github.com/Stefal/sim-modem.git /tmp/pip-req-build-x0yehtcc
Running in chroot, ignoring command 'stop'
Failed to disable unit, unit systemd-timesyncd.service does not exist.
Removed "/etc/systemd/system/dbus-org.freedesktop.timesync1.service".
Removed "/etc/systemd/system/sysinit.target.wants/systemd-timesyncd.service".
Created symlink /etc/systemd/system/systemd-timesyncd.service → /dev/null.
Running in chroot, ignoring command 'daemon-reload'
Created symlink /etc/systemd/system/multi-user.target.wants/gpsd.service → /etc/systemd/system/gpsd.service.
mkfs.fat: Warning: lowercase labels might not work properly on some systems
mke2fs 1.47.0 (5-Feb-2023)
'/boot/initrd.img-6.12.25+rpt-rpi-2712' -> '/boot/firmware/initramfs_2712'
'/boot/initrd.img-6.12.25+rpt-rpi-v8' -> '/boot/firmware/initramfs8'
